============================================================
🔄 JEFFY 1688 PREMIUM SCRAPER v3
============================================================

🔌 Checking browser connection...
✅ Browser connected

📋 Fetching products to re-enrich (limit: 180)...
Found 171 products needing enrichment

[1/171] JEF-335781-2HWZ
   📍 Navigating...
   📜 Loading content...
   🔍 Scraping...
   📦 Title: Cross-Border Polypeptide Essence Revitalizing Liqu...
   💰 Price: ¥10 - ¥9
   📸 Images: 7, Variants: 2
   📤 Uploading...
   ✅ Done! Images: 7

[2/171] JEF-355695-2EMZ
   📍 Navigating...
   📜 Loading content...
   🔍 Scraping...
   📦 Title: Apple cell polypeptide anti-aging essence type III...
   💰 Price: ¥25 - ¥28
   📸 Images: 6, Variants: 4
   📤 Uploading...
   ✅ Done! Images: 6

[3/171] JEF-563566-2DI5
   📍 Navigating...
   📜 Loading content...
   🔍 Scraping...
   📦 Title: Breast Massage and Care Nao Bo Bo Beauty Peak Esse...
   💰 Price: ¥34 - ¥37
   📸 Images: 6, Variants: 5
   📤 Uploading...
   ✅ Done! Images: 6

[4/171] JEF-043624-2CGW
   📍 Navigating...
   📜 Loading content...
   🔍 Scraping...
   📦 Title: Natural pure plant fragrance bergamot essential oi...
   💰 Price: ¥24 - ¥24
   📸 Images: 7, Variants: 3
   📤 Uploading...
   ✅ Done! Images: 7

[5/171] JEF-288278-2A49
   📍 Navigating...
   📜 Loading content...
   🔍 Scraping...
   📦 Title: Feicaoji Body Scrub 500ml Exfoliating Chicken Skin...
   💰 Price: ¥3 - ¥3
   📸 Images: 15, Variants: 22
   📤 Uploading...
   ✅ Done! Images: 10

[6/171] JEF-220948-28Y1
   📍 Navigating...
   📜 Loading content...
   🔍 Scraping...
   📦 Title: Kormesic Dead Sea Salt Body Scrub Facial Scrub Dee...
   💰 Price: ¥1 - ¥2
   📸 Images: 10, Variants: 1
   📤 Uploading...
   ✅ Done! Images: 10

[7/171] JEF-347859-27U4
   📍 Navigating...
   📜 Loading content...
   🔍 Scraping...
   📦 Title: Kormesic Coffee Body Scrub Scrubbing Cream Cross-B...
   💰 Price: ¥1 - ¥2
   📸 Images: 8, Variants: 2
   📤 Uploading...
   ✅ Done! Images: 8

[8/171] JEF-415822-26T2
   📍 Navigating...
   📜 Loading content...
   🔍 Scraping...
   📦 Title: Elaimei Body Scrub...
   💰 Price: ¥8 - ¥8
   📸 Images: 9, Variants: 5
   📤 Uploading...
   ✅ Done! Images: 9

[9/171] JEF-356649-25TF
   📍 Navigating...
   📜 Loading content...
   🔍 Scraping...
   📦 Title: Wwp Cross-Border Sugar and Salt Body Scrub Exfolia...
   💰 Price: ¥4 - ¥4
   📸 Images: 15, Variants: 13
   📤 Uploading...
   ✅ Done! Images: 10

[10/171] JEF-849281-24TR
   📍 Navigating...
   📜 Loading content...
   🔍 Scraping...
   📦 Title: Verbena Linn Scrub Whole Body Vl Bath Scrub Moistu...
   💰 Price: ¥17 - ¥19
   📸 Images: 10, Variants: 5
   📤 Uploading...
   ✅ Done! Images: 10

[11/171] JEF-817336-22IK
   📍 Navigating...
   📜 Loading content...
   🔍 Scraping...
   📦 Title: Factory supply plant fiber mask paper Tencel breat...
   💰 Price: ¥0.7 - ¥3.6
   📸 Images: 8, Variants: 1
   📤 Uploading...
   ✅ Done! Images: 8

[12/171] JEF-546307-21GH
   📍 Navigating...
   📜 Loading content...
   🔍 Scraping...
   📦 Title: Spot Wholesale Silk Compressed Facial Mask Paper 1...
   💰 Price: ¥8 - ¥8
   📸 Images: 7, Variants: 3
   📤 Uploading...
   ✅ Done! Images: 7

[13/171] JEF-459532-20AR
   📍 Navigating...
   📜 Loading content...
   🔍 Scraping...
   📦 Title: White to Transparent Mask Cloth Mask Paper Collage...
   💰 Price: ¥2 - ¥2
   📸 Images: 5, Variants: 3
   📤 Uploading...
   ✅ Done! Images: 5

[14/171] JEF-354215-1Z48
   📍 Navigating...
   📜 Loading content...
   🔍 Scraping...
   📦 Title: Jianmei Chuangyan Compressed Candy Mask Paper Silk...
   💰 Price: ¥2 - ¥3
   📸 Images: 7, Variants: 4
   📤 Uploading...
   ✅ Done! Images: 7

[15/171] JEF-052061-1XXH
   📍 Navigating...
   📜 Loading content...
   🔍 Scraping...
   📦 Title: New Centella Asiatica Color Mask Paper, Soft and S...
   💰 Price: ¥0.7 - ¥3.6
   📸 Images: 5, Variants: 1
   📤 Uploading...
   ✅ Done! Images: 5

[16/171] JEF-752045-1WJK
   📍 Navigating...
   📜 Loading content...
   🔍 Scraping...
   📦 Title: Factory wholesale mask paper ultra-thin silk compr...
   💰 Price: ¥3 - ¥3
   📸 Images: 6, Variants: 1
   📤 Uploading...
   ✅ Done! Images: 6

[17/171] JEF-011420-1UE3
   📍 Navigating...
   📜 Loading content...
   🔍 Scraping...
   📦 Title: [Drop Shipping Women’S Bag] 2025 New Style Women’S...
   💰 Price: ¥33 - ¥32
   📸 Images: 10, Variants: 5
   📤 Uploading...
   ✅ Done! Images: 10

[18/171] JEF-821771-1TEK
   📍 Navigating...
   📜 Loading content...
   🔍 Scraping...
   📦 Title: 2025 New Korean Style Women's Bag, Fashionable Wom...
   💰 Price: ¥33 - ¥32
   📸 Images: 10, Variants: 4
   📤 Uploading...
   ✅ Done! Images: 10

[19/171] JEF-215639-1SF2
   📍 Navigating...
   📜 Loading content...
   🔍 Scraping...
   📦 Title: Cross-border wholesale recurve bow box ABS hard bo...
   💰 Price: ¥75 - ¥78
   📸 Images: 10, Variants: 5
   📤 Uploading...
   ✅ Done! Images: 10

[20/171] JEF-861149-1RET
   📍 Navigating...
   📜 Loading content...
   🔍 Scraping...
   📦 Title: Recurve Bow Bag Traditional American Hunting Recur...
   💰 Price: ¥11 - ¥13
   📸 Images: 15, Variants: 21
   📤 Uploading...
   ✅ Done! Images: 10

[21/171] JEF-980751-1QB3
   📍 Navigating...
   📜 Loading content...
   🔍 Scraping...
   📦 Title: Bow and Arrow Bag, Bow Case, Split Recurve Bow Bag...
   💰 Price: ¥15 - ¥15
   📸 Images: 15, Variants: 14
   📤 Uploading...
   ✅ Done! Images: 10

[22/171] JEF-761608-1PC3
   📍 Navigating...
   📜 Loading content...
   🔍 Scraping...
   📦 Title: Pulley Bow Large Capacity Backpack Shoulder Bow Ba...
   💰 Price: ¥118 - ¥114
   📸 Images: 7, Variants: 3
   📤 Uploading...
